---
title: 3.8.4 动态对象年龄判定
categories: 
  - 7 深入理解Java虛拟机：JVM高级特性与最佳实践(第3版)
  - 2第二部分 自动内存管理
  - 第3章 垃圾收集器与内存分配策略
  - 3.8 实战：内存分配与回收策略
abbrlink: e27e14e6
date: 2021-09-17 09:56:30
<<<<<<< HEAD
updated: 2021-11-18 10:55:11
=======
updated: 2022-04-03 01:21:18
>>>>>>> 4ed4de8f07c69857a05fa9fda8014b55c4291ca0
---
为了能更好地适应不同程序的内存状况，HotSpot虚拟机并不是永远要求对象的年龄必须达到- XX：MaxTenuringThreshold才能晋升老年代，如果在Survivor空间中相同年龄所有对象大小的总和大于Survivor空间的一半，年龄大于或等于该年龄的对象就可以直接进入老年代，无须等到-XX： MaxTenuringThreshold中要求的年龄。

执行代码清单3-10中的testTenuringThreshold2()方法，并将设置-XX：MaxTenuring-Threshold=15， 发现运行结果中Survivor占用仍然为0%，而老年代比预期增加了6%，也就是说allocation1、allocation2 对象都直接进入了老年代，并没有等到15岁的临界年龄。因为这两个对象加起来已经到达了512KB， 并且它们是同年龄的，满足同年对象达到Survivor空间一半的规则。我们只要注释掉其中一个对象的new操作，就会发现另外一个就不会晋升到老年代了。

代码清单3-10 动态对象年龄判定
```java
private static final int _1MB = 1024 * 1024;

/**
 * VM参数：-verbose:gc -Xms20M -Xmx20M -Xmn10M -XX:+PrintGCDetails -XX:SurvivorRatio=8
   -XX:MaxTenuringThreshold=15
 * -XX:+PrintTenuringDistribution
 */
@SuppressWarnings("unused")
public static void testTenuringThreshold2() {
    byte[] allocation1, allocation2, allocation3, allocation4;
    allocation1 = new byte[_1MB / 4];  // allocation1+allocation2大于survivo空间一半
    allocation2 = new byte[_1MB / 4];
    allocation3 = new byte[4 * _1MB];
    allocation4 = new byte[4 * _1MB];
    allocation4 = null;
    allocation4 = new byte[4 * _1MB];
}
```
运行结果：
```
[GC [DefNew
Desired Survivor size 524288 bytes, new threshold 1 (max 15)
- age   1:     676824 bytes,     676824 total
: 5115K-&gt;660K(9216K), 0.0050136 secs] 5115K-&gt;4756K(19456K), 0.0050443 secs] [Times: user=0.00 sys=0.01, real=0.01 secs]
[GC [DefNew
Desired Survivor size 524288 bytes, new threshold 15 (max 15)
: 4756K-&gt;0K(9216K), 0.0010571 secs] 8852K-&gt;4756K(19456K), 0.0011009 secs] [Times: user=0.00 sys=0.00, real=0.00 secs]
Heap
    def new generation   total 9216K, used 4178K [0x029d0000, 0x033d0000, 0x033d0000)
        eden space 8192K,  51% used [0x029d0000, 0x02de4828, 0x031d0000)
        from space 1024K,   0% used [0x031d0000, 0x031d0000, 0x032d0000)
        to   space 1024K,   0% used [0x032d0000, 0x032d0000, 0x033d0000)
    tenured generation   total 10240K, used 4756K [0x033d0000, 0x03dd0000, 0x03dd0000)
            the space 10240K,  46% used [0x033d0000, 0x038753e8, 0x03875400, 0x03dd0000)
    compacting perm gen  total 12288K, used 2114K [0x03dd0000, 0x049d0000, 0x07dd0000)
        the space 12288K,  17% used [0x03dd0000, 0x03fe09a0, 0x03fe0a00, 0x049d0000)
No shared spaces configured.
```
